<?xml version="1.0" encoding="utf-8"?><testsuites><testsuite name="pytest" errors="0" failures="1" skipped="0" tests="3" time="47.428" timestamp="2025-10-17T20:58:07.881079" hostname="Manish_Yadav"><testcase classname="tests.Test_logout" name="test_logout_functionality" time="31.036" /><testcase classname="tests.test_06_user_can_login" name="test_user_can_login" time="9.010" /><testcase classname="tests.test_07_course_purchase_dashboard" name="test_course_purchase_from_dashboard" time="5.563"><failure message="selenium.common.exceptions.ElementNotInteractableException: Message: Element &lt;input id=&quot;email&quot; class=&quot;corporate-input form-control input-45h&quot; name=&quot;email&quot; type=&quot;text&quot;&gt; could not be scrolled into view&#10;Stacktrace:&#10;RemoteError@chrome://remote/content/shared/RemoteError.sys.mjs:8:8&#10;WebDriverError@chrome://remote/content/shared/webdriver/Errors.sys.mjs:202:5&#10;ElementNotInteractableError@chrome://remote/content/shared/webdriver/Errors.sys.mjs:371:5&#10;interaction.clearElement@chrome://remote/content/marionette/interaction.sys.mjs:379:11&#10;clearElement@chrome://remote/content/marionette/actors/MarionetteCommandsChild.sys.mjs:318:22&#10;receiveMessage@chrome://remote/content/marionette/actors/MarionetteCommandsChild.sys.mjs:206:16">driver = &lt;selenium.webdriver.firefox.webdriver.WebDriver (session="50d6ec44-b7e8-41a0-8125-bcb4e8a6ec11")&gt;

    def test_course_purchase_from_dashboard(driver):
&gt;       LoginPage(driver).open(config.BASE_URL).login(config.LOGIN_EMAIL, config.LOGIN_PASSWORD)

tests\test_07_course_purchase_dashboard.py:6: 
_ _ _ _ _ _ _ _ _ _ _ _ _ _ _ _ _ _ _ _ _ _ _ _ _ _ _ _ _ _ _ _ _ _ _ _ _ _ _ _ _ _ _ _ _ _ _ _ _ _ _ _ _ _ _ _ _ _ _ _ _ _ _ _ _ _ _ _ _ _ _ _ _ _ _ _ _ _ _ _ _ _ _ _ _ _ _ _ _ _ _ _ _ _ _ _ _ _ _ _ _ _ _ _ _ _ _ _ _ _ _ _ _ _
Pages\login_page.py:15: in login
    self.type(self.EMAIL, email)
base\base_page.py:16: in type
    el.clear()
.venv\Lib\site-packages\selenium\webdriver\remote\webelement.py:117: in clear
    self._execute(Command.CLEAR_ELEMENT)
.venv\Lib\site-packages\selenium\webdriver\remote\webelement.py:395: in _execute
    return self._parent.execute(command, params)
.venv\Lib\site-packages\selenium\webdriver\remote\webdriver.py:354: in execute
    self.error_handler.check_response(response)
_ _ _ _ _ _ _ _ _ _ _ _ _ _ _ _ _ _ _ _ _ _ _ _ _ _ _ _ _ _ _ _ _ _ _ _ _ _ _ _ _ _ _ _ _ _ _ _ _ _ _ _ _ _ _ _ _ _ _ _ _ _ _ _ _ _ _ _ _ _ _ _ _ _ _ _ _ _ _ _ _ _ _ _ _ _ _ _ _ _ _ _ _ _ _ _ _ _ _ _ _ _ _ _ _ _ _ _ _ _ _ _ _ _

self = &lt;selenium.webdriver.remote.errorhandler.ErrorHandler object at 0x000001AF75C70980&gt;
response = {'status': 400, 'value': '{"value":{"error":"element not interactable","message":"Element &lt;input id=\\"email\\" class=...ys.mjs:318:22\\nreceiveMessage@chrome://remote/content/marionette/actors/MarionetteCommandsChild.sys.mjs:206:16\\n"}}'}

    def check_response(self, response: Dict[str, Any]) -&gt; None:
        """Checks that a JSON response from the WebDriver does not have an
        error.
    
        :Args:
         - response - The JSON response from the WebDriver server as a dictionary
           object.
    
        :Raises: If the response contains an error message.
        """
        status = response.get("status", None)
        if not status or status == ErrorCode.SUCCESS:
            return
        value = None
        message = response.get("message", "")
        screen: str = response.get("screen", "")
        stacktrace = None
        if isinstance(status, int):
            value_json = response.get("value", None)
            if value_json and isinstance(value_json, str):
                import json
    
                try:
                    value = json.loads(value_json)
                    if len(value) == 1:
                        value = value["value"]
                    status = value.get("error", None)
                    if not status:
                        status = value.get("status", ErrorCode.UNKNOWN_ERROR)
                        message = value.get("value") or value.get("message")
                        if not isinstance(message, str):
                            value = message
                            message = message.get("message")
                    else:
                        message = value.get("message", None)
                except ValueError:
                    pass
    
        exception_class: Type[WebDriverException]
        e = ErrorCode()
        error_codes = [item for item in dir(e) if not item.startswith("__")]
        for error_code in error_codes:
            error_info = getattr(ErrorCode, error_code)
            if isinstance(error_info, list) and status in error_info:
                exception_class = getattr(ExceptionMapping, error_code, WebDriverException)
                break
        else:
            exception_class = WebDriverException
    
        if not value:
            value = response["value"]
        if isinstance(value, str):
            raise exception_class(value)
        if message == "" and "message" in value:
            message = value["message"]
    
        screen = None  # type: ignore[assignment]
        if "screen" in value:
            screen = value["screen"]
    
        stacktrace = None
        st_value = value.get("stackTrace") or value.get("stacktrace")
        if st_value:
            if isinstance(st_value, str):
                stacktrace = st_value.split("\n")
            else:
                stacktrace = []
                try:
                    for frame in st_value:
                        line = frame.get("lineNumber", "")
                        file = frame.get("fileName", "&lt;anonymous&gt;")
                        if line:
                            file = f"{file}:{line}"
                        meth = frame.get("methodName", "&lt;anonymous&gt;")
                        if "className" in frame:
                            meth = f"{frame['className']}.{meth}"
                        msg = "    at %s (%s)"
                        msg = msg % (meth, file)
                        stacktrace.append(msg)
                except TypeError:
                    pass
        if exception_class == UnexpectedAlertPresentException:
            alert_text = None
            if "data" in value:
                alert_text = value["data"].get("text")
            elif "alert" in value:
                alert_text = value["alert"].get("text")
            raise exception_class(message, screen, stacktrace, alert_text)  # type: ignore[call-arg]  # mypy is not smart enough here
&gt;       raise exception_class(message, screen, stacktrace)
E       selenium.common.exceptions.ElementNotInteractableException: Message: Element &lt;input id="email" class="corporate-input form-control input-45h" name="email" type="text"&gt; could not be scrolled into view
E       Stacktrace:
E       RemoteError@chrome://remote/content/shared/RemoteError.sys.mjs:8:8
E       WebDriverError@chrome://remote/content/shared/webdriver/Errors.sys.mjs:202:5
E       ElementNotInteractableError@chrome://remote/content/shared/webdriver/Errors.sys.mjs:371:5
E       interaction.clearElement@chrome://remote/content/marionette/interaction.sys.mjs:379:11
E       clearElement@chrome://remote/content/marionette/actors/MarionetteCommandsChild.sys.mjs:318:22
E       receiveMessage@chrome://remote/content/marionette/actors/MarionetteCommandsChild.sys.mjs:206:16

.venv\Lib\site-packages\selenium\webdriver\remote\errorhandler.py:229: ElementNotInteractableException</failure></testcase></testsuite></testsuites>